/home/ubuntu/.local/lib/python3.10/site-packages/numba/np/ufunc/parallel.py:371: NumbaWarning: [1mThe TBB threading layer requires TBB version 2021 update 6 or later i.e., TBB_INTERFACE_VERSION >= 12060. Found TBB_INTERFACE_VERSION = 12050. The TBB threading layer is disabled.[0m
  warnings.warn(problem)
/home/ubuntu/.local/lib/python3.10/site-packages/numba/np/ufunc/parallel.py:371: NumbaWarning: [1mThe TBB threading layer requires TBB version 2021 update 6 or later i.e., TBB_INTERFACE_VERSION >= 12060. Found TBB_INTERFACE_VERSION = 12050. The TBB threading layer is disabled.[0m
  warnings.warn(problem)
/home/ubuntu/.local/lib/python3.10/site-packages/numba/np/ufunc/parallel.py:371: NumbaWarning: [1mThe TBB threading layer requires TBB version 2021 update 6 or later i.e., TBB_INTERFACE_VERSION >= 12060. Found TBB_INTERFACE_VERSION = 12050. The TBB threading layer is disabled.[0m
  warnings.warn(problem)
/home/ubuntu/.local/lib/python3.10/site-packages/numba/np/ufunc/parallel.py:371: NumbaWarning: [1mThe TBB threading layer requires TBB version 2021 update 6 or later i.e., TBB_INTERFACE_VERSION >= 12060. Found TBB_INTERFACE_VERSION = 12050. The TBB threading layer is disabled.[0m
  warnings.warn(problem)
/home/ubuntu/.local/lib/python3.10/site-packages/numba/core/typed_passes.py:336: NumbaPerformanceWarning: [1m
The keyword argument 'parallel=True' was specified but no transformation for parallel execution was possible.

To find out why, try turning on parallel diagnostics, see https://numba.readthedocs.io/en/stable/user/parallel.html#diagnostics for help.
[1m
File "npbench/benchmarks/polybench/bicg/bicg_numba_np.py", line 6:[0m
[1m@nb.jit(nopython=True, parallel=True, fastmath=True)
[1mdef kernel(A, p, r):
[0m[1m^[0m[0m
[0m
  warnings.warn(errors.NumbaPerformanceWarning(msg,
Process Process-24:
Traceback (most recent call last):
  File "/usr/lib/python3.10/multiprocessing/process.py", line 314, in _bootstrap
    self.run()
  File "/usr/lib/python3.10/multiprocessing/process.py", line 108, in run
    self._target(*self._args, **self._kwargs)
  File "/home/ubuntu/npbgpu/npb-lrz/main.py", line 14, in run_benchmark
    test.run(preset, validate, repeat, timeout)
  File "/home/ubuntu/npbgpu/npb-lrz/npbench/infrastructure/test.py", line 88, in run
    for impl, impl_name in self.frmwrk.implementations(self.bench):
  File "/home/ubuntu/npbgpu/npb-lrz/npbench/infrastructure/pythran_framework.py", line 45, in implementations
    raise (e)
  File "/home/ubuntu/npbgpu/npb-lrz/npbench/infrastructure/pythran_framework.py", line 40, in implementations
    foo = importlib.util.module_from_spec(spec)
  File "<frozen importlib._bootstrap>", line 571, in module_from_spec
  File "<frozen importlib._bootstrap_external>", line 1176, in create_module
  File "<frozen importlib._bootstrap>", line 241, in _call_with_frames_removed
ImportError: /tmp/tmpw6olix09/bicg_pythran.so: undefined symbol: _Z11cblas_dgemv11CBLAS_ORDER15CBLAS_TRANSPOSEiidPKdiS2_idPdi
/home/ubuntu/.local/lib/python3.10/site-packages/numba/np/ufunc/parallel.py:371: NumbaWarning: [1mThe TBB threading layer requires TBB version 2021 update 6 or later i.e., TBB_INTERFACE_VERSION >= 12060. Found TBB_INTERFACE_VERSION = 12050. The TBB threading layer is disabled.[0m
  warnings.warn(problem)
/home/ubuntu/npbgpu/npb-lrz/npbench/benchmarks/nbody/nbody_numba_o.py:86: NumbaWarning: [1m
Compilation is falling back to object mode WITHOUT looplifting enabled because Function "nbody" failed type inference due to: [1m[1m[1mInvalid use of type(CPUDispatcher(<function getAcc at 0x7fbab2532560>)) with parameters (array(float64, 2d, C), array(float64, 2d, C), float64, float64)
[0m
[0m[1mDuring: resolving callee type: type(CPUDispatcher(<function getAcc at 0x7fbab2532560>))[0m
[0m[1mDuring: typing of call at /home/ubuntu/npbgpu/npb-lrz/npbench/benchmarks/nbody/nbody_numba_o.py (111)
[0m
[1m
File "npbench/benchmarks/nbody/nbody_numba_o.py", line 111:[0m
[1mdef nbody(mass, pos, vel, N, Nt, dt, G, softening):
    <source elided>
        # update accelerations
[1m        acc = getAcc(pos, mass, G, softening)
[0m        [1m^[0m[0m
[0m
  @nb.jit(nopython=False, forceobj=True, parallel=False, fastmath=True)
/home/ubuntu/npbgpu/npb-lrz/npbench/benchmarks/nbody/nbody_numba_op.py:86: NumbaWarning: [1m
Compilation is falling back to object mode WITHOUT looplifting enabled because Function "nbody" failed type inference due to: [1m[1m[1mInvalid use of type(CPUDispatcher(<function getAcc at 0x7fbab2532c20>)) with parameters (array(float64, 2d, C), array(float64, 2d, C), float64, float64)
[0m
[0m[1mDuring: resolving callee type: type(CPUDispatcher(<function getAcc at 0x7fbab2532c20>))[0m
[0m[1mDuring: typing of call at /home/ubuntu/npbgpu/npb-lrz/npbench/benchmarks/nbody/nbody_numba_op.py (112)
[0m
[1m
File "npbench/benchmarks/nbody/nbody_numba_op.py", line 112:[0m
[1mdef nbody(mass, pos, vel, N, Nt, dt, G, softening):
    <source elided>
        # update accelerations
[1m        acc = getAcc(pos, mass, G, softening)
[0m        [1m^[0m[0m
[0m
  @nb.jit(nopython=False, forceobj=True, parallel=True, fastmath=True)
WARNING: Compilation error, trying hard to find its origin...
WARNING: Nope, I'm going to flood you with C++ errors!
CRITICAL: Cover me Jack. Jack? Jaaaaack!!!!
E: error: Command "x86_64-linux-gnu-gcc -Wno-unused-result -Wsign-compare -DNDEBUG -g -fwrapv -O2 -Wall -g -fstack-protector-strong -Wformat -Werror=format-security -g -fwrapv -O2 -g -fstack-protector-strong -Wformat -Werror=format-security -Wdate-time -D_FORTIFY_SOURCE=2 -fPIC -DENABLE_PYTHON_MODULE -D__PYTHRAN__=3 -DUSE_XSIMD -I/home/ubuntu/.local/lib/python3.10/site-packages/pythran -I/home/ubuntu/.local/lib/python3.10/site-packages/numpy/core/include -I/usr/include/python3.10 -c /tmp/tmpzzfrwyb4.cpp -o /tmp/tmpb1diltnz/tmp/tmpzzfrwyb4.o -std=c++11 -fno-math-errno -fvisibility=hidden -fno-wrapv -Wno-unused-function -Wno-int-in-bool-context -Wno-unknown-warning-option -fopenmp -march=native -ffast-math" failed with exit status 1
Process Process-39:
Traceback (most recent call last):
  File "/usr/lib/python3.10/multiprocessing/process.py", line 314, in _bootstrap
    self.run()
  File "/usr/lib/python3.10/multiprocessing/process.py", line 108, in run
    self._target(*self._args, **self._kwargs)
  File "/home/ubuntu/npbgpu/npb-lrz/main.py", line 14, in run_benchmark
    test.run(preset, validate, repeat, timeout)
  File "/home/ubuntu/npbgpu/npb-lrz/npbench/infrastructure/test.py", line 88, in run
    for impl, impl_name in self.frmwrk.implementations(self.bench):
  File "/home/ubuntu/npbgpu/npb-lrz/npbench/infrastructure/pythran_framework.py", line 45, in implementations
    raise (e)
  File "/home/ubuntu/npbgpu/npb-lrz/npbench/infrastructure/pythran_framework.py", line 40, in implementations
    foo = importlib.util.module_from_spec(spec)
  File "<frozen importlib._bootstrap>", line 571, in module_from_spec
  File "<frozen importlib._bootstrap_external>", line 1176, in create_module
  File "<frozen importlib._bootstrap>", line 241, in _call_with_frames_removed
ImportError: /tmp/tmpf8uno1kv/nbody_pythran.so: cannot open shared object file: No such file or directory
/home/ubuntu/npbgpu/npb-lrz/npbench/benchmarks/channel_flow/channel_flow_numba_np.py:81: NumbaWarning: [1m[1mThe TBB threading layer requires TBB version 2021 update 6 or later i.e., TBB_INTERFACE_VERSION >= 12060. Found TBB_INTERFACE_VERSION = 12050. The TBB threading layer is disabled.[0m[0m
  b = build_up_b(rho, dt, dx, dy, u, v)
/home/ubuntu/npbgpu/npb-lrz/npbench/benchmarks/polybench/covariance/covariance_numba_o.py:17: NumbaPerformanceWarning: [1m[1m'@' is faster on contiguous arrays, called on (Array(float64, 1, 'A', False, aligned=True), Array(float64, 2, 'A', False, aligned=True))[0m[0m
  cov[i:M, i] = cov[i, i:M] = data[:, i] @ data[:, i:M] / (float_n - 1.0)
/home/ubuntu/npbgpu/npb-lrz/npbench/benchmarks/polybench/covariance/covariance_numba_op.py:17: NumbaPerformanceWarning: [1m[1m'@' is faster on contiguous arrays, called on (Array(float64, 1, 'A', False, aligned=True), Array(float64, 2, 'A', False, aligned=True))[0m[0m
  cov[i:M, i] = cov[i, i:M] = data[:, i] @ data[:, i:M] / (float_n - 1.0)
/home/ubuntu/.local/lib/python3.10/site-packages/numba/np/ufunc/parallel.py:371: NumbaWarning: [1mThe TBB threading layer requires TBB version 2021 update 6 or later i.e., TBB_INTERFACE_VERSION >= 12060. Found TBB_INTERFACE_VERSION = 12050. The TBB threading layer is disabled.[0m
  warnings.warn(problem)
/home/ubuntu/npbgpu/npb-lrz/npbench/benchmarks/polybench/covariance/covariance_numba_opr.py:5: NumbaWarning: [1m
Compilation is falling back to object mode WITHOUT looplifting enabled because Function "kernel" failed type inference due to: [1m[1mnon-precise type pyobject[0m
[0m[1mDuring: typing of argument at /home/ubuntu/npbgpu/npb-lrz/npbench/benchmarks/polybench/covariance/covariance_numba_opr.py (16)[0m
[1m
File "npbench/benchmarks/polybench/covariance/covariance_numba_opr.py", line 16:[0m
[1mdef kernel(M, float_n, data):
    <source elided>
    #         cov[j, i] = cov[i, j]
[1m    for i in nb.prange(M):
[0m    [1m^[0m[0m
[0m
  @nb.jit(nopython=False, forceobj=True, parallel=True, fastmath=True)
/home/ubuntu/npbgpu/npb-lrz/npbench/benchmarks/polybench/covariance/covariance_numba_n.py:18: NumbaPerformanceWarning: [1m[1m'@' is faster on contiguous arrays, called on (Array(float64, 1, 'A', False, aligned=True), Array(float64, 2, 'A', False, aligned=True))[0m[0m
  cov[i:M, i] = cov[i, i:M] = data[:, i] @ data[:, i:M] / (float_n - 1.0)
/home/ubuntu/npbgpu/npb-lrz/npbench/benchmarks/polybench/covariance/covariance_numba_np.py:18: NumbaPerformanceWarning: [1m[1m'@' is faster on contiguous arrays, called on (Array(float64, 1, 'A', False, aligned=True), Array(float64, 2, 'A', False, aligned=True))[0m[0m
  cov[i:M, i] = cov[i, i:M] = data[:, i] @ data[:, i:M] / (float_n - 1.0)
Process Process-49:
Traceback (most recent call last):
  File "/usr/lib/python3.10/multiprocessing/process.py", line 314, in _bootstrap
    self.run()
  File "/usr/lib/python3.10/multiprocessing/process.py", line 108, in run
    self._target(*self._args, **self._kwargs)
  File "/home/ubuntu/npbgpu/npb-lrz/main.py", line 14, in run_benchmark
    test.run(preset, validate, repeat, timeout)
  File "/home/ubuntu/npbgpu/npb-lrz/npbench/infrastructure/test.py", line 88, in run
    for impl, impl_name in self.frmwrk.implementations(self.bench):
  File "/home/ubuntu/npbgpu/npb-lrz/npbench/infrastructure/pythran_framework.py", line 45, in implementations
    raise (e)
  File "/home/ubuntu/npbgpu/npb-lrz/npbench/infrastructure/pythran_framework.py", line 40, in implementations
    foo = importlib.util.module_from_spec(spec)
  File "<frozen importlib._bootstrap>", line 571, in module_from_spec
  File "<frozen importlib._bootstrap_external>", line 1176, in create_module
  File "<frozen importlib._bootstrap>", line 241, in _call_with_frames_removed
ImportError: /tmp/tmplir99ize/covariance_pythran.so: undefined symbol: _Z11cblas_dgemv11CBLAS_ORDER15CBLAS_TRANSPOSEiidPKdiS2_idPdi
/home/ubuntu/.local/lib/python3.10/site-packages/numba/np/ufunc/parallel.py:371: NumbaWarning: [1mThe TBB threading layer requires TBB version 2021 update 6 or later i.e., TBB_INTERFACE_VERSION >= 12060. Found TBB_INTERFACE_VERSION = 12050. The TBB threading layer is disabled.[0m
  warnings.warn(problem)
Process Process-54:
Traceback (most recent call last):
  File "/usr/lib/python3.10/multiprocessing/process.py", line 314, in _bootstrap
    self.run()
  File "/usr/lib/python3.10/multiprocessing/process.py", line 108, in run
    self._target(*self._args, **self._kwargs)
  File "/home/ubuntu/npbgpu/npb-lrz/main.py", line 14, in run_benchmark
    test.run(preset, validate, repeat, timeout)
  File "/home/ubuntu/npbgpu/npb-lrz/npbench/infrastructure/test.py", line 88, in run
    for impl, impl_name in self.frmwrk.implementations(self.bench):
  File "/home/ubuntu/npbgpu/npb-lrz/npbench/infrastructure/pythran_framework.py", line 45, in implementations
    raise (e)
  File "/home/ubuntu/npbgpu/npb-lrz/npbench/infrastructure/pythran_framework.py", line 40, in implementations
    foo = importlib.util.module_from_spec(spec)
  File "<frozen importlib._bootstrap>", line 571, in module_from_spec
  File "<frozen importlib._bootstrap_external>", line 1176, in create_module
  File "<frozen importlib._bootstrap>", line 241, in _call_with_frames_removed
ImportError: /tmp/tmphuyl35km/gemm_pythran.so: undefined symbol: _Z11cblas_dgemm11CBLAS_ORDER15CBLAS_TRANSPOSES0_iiidPKdiS2_idPdi
/home/ubuntu/npbgpu/npb-lrz/npbench/benchmarks/deep_learning/conv2d_bias/conv2d_numba_o.py:6: NumbaWarning: [1m
Compilation is falling back to object mode WITHOUT looplifting enabled because Function conv2d failed at nopython mode lowering due to: No definition for lowering <function sum at 0x7fbabb90c550>(Array(float32, 5, 'C', False, aligned=True), Tuple((Literal[int](1), Literal[int](2), Literal[int](3)))) -> array(float32, 4d, C)[0m
  @nb.jit(nopython=False, forceobj=True, parallel=False, fastmath=True)
/home/ubuntu/npbgpu/npb-lrz/npbench/benchmarks/deep_learning/conv2d_bias/conv2d_numba_o.py:6: NumbaWarning: [1m
Compilation is falling back to object mode WITHOUT looplifting enabled because Function conv2d failed at nopython mode lowering due to: No definition for lowering <function sum at 0x7fbabb90c550>(Array(float32, 5, 'C', False, aligned=True), Tuple((Literal[int](1), Literal[int](2), Literal[int](3)))) -> array(float32, 4d, C)[0m
  @nb.jit(nopython=False, forceobj=True, parallel=False, fastmath=True)
/home/ubuntu/.local/lib/python3.10/site-packages/numba/core/typed_passes.py:336: NumbaPerformanceWarning: [1m
The keyword argument 'parallel=True' was specified but no transformation for parallel execution was possible.

To find out why, try turning on parallel diagnostics, see https://numba.readthedocs.io/en/stable/user/parallel.html#diagnostics for help.
[1m
File "npbench/benchmarks/deep_learning/conv2d_bias/conv2d_numba_op.py", line 16:[0m
[1mdef conv2d(input, weights):
    <source elided>
    # Loop structure adapted from https://github.com/SkalskiP/ILearnDeepLearning.py/blob/ba0b5ba589d4e656141995e8d1a06d44db6ce58d/01_mysteries_of_neural_networks/06_numpy_convolutional_neural_net/src/layers/convolutional.py#L88
[1m    for i in range(H_out):
[0m    [1m^[0m[0m
[0m
  warnings.warn(errors.NumbaPerformanceWarning(msg,
/home/ubuntu/npbgpu/npb-lrz/npbench/benchmarks/deep_learning/conv2d_bias/conv2d_numba_op.py:6: NumbaWarning: [1m
Compilation is falling back to object mode WITHOUT looplifting enabled because Function conv2d failed at nopython mode lowering due to: No definition for lowering <function sum at 0x7fbabb90c550>(Array(float32, 5, 'C', False, aligned=True), Tuple((Literal[int](1), Literal[int](2), Literal[int](3)))) -> array(float32, 4d, C)[0m
  @nb.jit(nopython=False, forceobj=True, parallel=True, fastmath=True)
/home/ubuntu/.local/lib/python3.10/site-packages/numba/core/typed_passes.py:336: NumbaPerformanceWarning: [1m
The keyword argument 'parallel=True' was specified but no transformation for parallel execution was possible.

To find out why, try turning on parallel diagnostics, see https://numba.readthedocs.io/en/stable/user/parallel.html#diagnostics for help.
[1m
File "npbench/benchmarks/deep_learning/conv2d_bias/conv2d_numba_op.py", line 16:[0m
[1mdef conv2d(input, weights):
    <source elided>
    # Loop structure adapted from https://github.com/SkalskiP/ILearnDeepLearning.py/blob/ba0b5ba589d4e656141995e8d1a06d44db6ce58d/01_mysteries_of_neural_networks/06_numpy_convolutional_neural_net/src/layers/convolutional.py#L88
[1m    for i in range(H_out):
[0m    [1m^[0m[0m
[0m
  warnings.warn(errors.NumbaPerformanceWarning(msg,
/home/ubuntu/npbgpu/npb-lrz/npbench/benchmarks/deep_learning/conv2d_bias/conv2d_numba_op.py:6: NumbaWarning: [1m
Compilation is falling back to object mode WITHOUT looplifting enabled because Function conv2d failed at nopython mode lowering due to: No definition for lowering <function sum at 0x7fbabb90c550>(Array(float32, 5, 'C', False, aligned=True), UniTuple(int64, 3)) -> array(float32, 4d, C)[0m
  @nb.jit(nopython=False, forceobj=True, parallel=True, fastmath=True)
/home/ubuntu/npbgpu/npb-lrz/npbench/benchmarks/deep_learning/conv2d_bias/conv2d_numba_opr.py:6: NumbaWarning: [1m
Compilation is falling back to object mode WITHOUT looplifting enabled because Function "conv2d" failed type inference due to: [1m[1mnon-precise type pyobject[0m
[0m[1mDuring: typing of argument at /home/ubuntu/npbgpu/npb-lrz/npbench/benchmarks/deep_learning/conv2d_bias/conv2d_numba_opr.py (16)[0m
[1m
File "npbench/benchmarks/deep_learning/conv2d_bias/conv2d_numba_opr.py", line 16:[0m
[1mdef conv2d(input, weights):
    <source elided>
    # Loop structure adapted from https://github.com/SkalskiP/ILearnDeepLearning.py/blob/ba0b5ba589d4e656141995e8d1a06d44db6ce58d/01_mysteries_of_neural_networks/06_numpy_convolutional_neural_net/src/layers/convolutional.py#L88
[1m    for i in nb.prange(H_out):
[0m    [1m^[0m[0m
[0m
  @nb.jit(nopython=False, forceobj=True, parallel=True, fastmath=True)
/home/ubuntu/npbgpu/npb-lrz/npbench/benchmarks/deep_learning/conv2d_bias/conv2d_numba_np.py:39: NumbaWarning: [1m[1mThe TBB threading layer requires TBB version 2021 update 6 or later i.e., TBB_INTERFACE_VERSION >= 12060. Found TBB_INTERFACE_VERSION = 12050. The TBB threading layer is disabled.[0m[0m
  return conv2d(input, weights) + bias
/home/ubuntu/.local/lib/python3.10/site-packages/numba/np/ufunc/parallel.py:371: NumbaWarning: [1mThe TBB threading layer requires TBB version 2021 update 6 or later i.e., TBB_INTERFACE_VERSION >= 12060. Found TBB_INTERFACE_VERSION = 12050. The TBB threading layer is disabled.[0m
  warnings.warn(problem)
/home/ubuntu/.local/lib/python3.10/site-packages/numba/np/ufunc/parallel.py:371: NumbaWarning: [1mThe TBB threading layer requires TBB version 2021 update 6 or later i.e., TBB_INTERFACE_VERSION >= 12060. Found TBB_INTERFACE_VERSION = 12050. The TBB threading layer is disabled.[0m
  warnings.warn(problem)
Process Process-69:
Traceback (most recent call last):
  File "/usr/lib/python3.10/multiprocessing/process.py", line 314, in _bootstrap
    self.run()
  File "/usr/lib/python3.10/multiprocessing/process.py", line 108, in run
    self._target(*self._args, **self._kwargs)
  File "/home/ubuntu/npbgpu/npb-lrz/main.py", line 14, in run_benchmark
    test.run(preset, validate, repeat, timeout)
  File "/home/ubuntu/npbgpu/npb-lrz/npbench/infrastructure/test.py", line 88, in run
    for impl, impl_name in self.frmwrk.implementations(self.bench):
  File "/home/ubuntu/npbgpu/npb-lrz/npbench/infrastructure/pythran_framework.py", line 45, in implementations
    raise (e)
  File "/home/ubuntu/npbgpu/npb-lrz/npbench/infrastructure/pythran_framework.py", line 40, in implementations
    foo = importlib.util.module_from_spec(spec)
  File "<frozen importlib._bootstrap>", line 571, in module_from_spec
  File "<frozen importlib._bootstrap_external>", line 1176, in create_module
  File "<frozen importlib._bootstrap>", line 241, in _call_with_frames_removed
ImportError: /tmp/tmp97_cy_45/k2mm_pythran.so: undefined symbol: _Z11cblas_dgemm11CBLAS_ORDER15CBLAS_TRANSPOSES0_iiidPKdiS2_idPdi
/home/ubuntu/.local/lib/python3.10/site-packages/numba/core/typed_passes.py:336: NumbaPerformanceWarning: [1m
The keyword argument 'parallel=True' was specified but no transformation for parallel execution was possible.

To find out why, try turning on parallel diagnostics, see https://numba.readthedocs.io/en/stable/user/parallel.html#diagnostics for help.
[1m
File "npbench/benchmarks/polybench/atax/atax_numba_np.py", line 6:[0m
[1m@nb.jit(nopython=True, parallel=True, fastmath=True)
[1mdef kernel(A, x):
[0m[1m^[0m[0m
[0m
  warnings.warn(errors.NumbaPerformanceWarning(msg,
Process Process-74:
Traceback (most recent call last):
  File "/usr/lib/python3.10/multiprocessing/process.py", line 314, in _bootstrap
    self.run()
  File "/usr/lib/python3.10/multiprocessing/process.py", line 108, in run
    self._target(*self._args, **self._kwargs)
  File "/home/ubuntu/npbgpu/npb-lrz/main.py", line 14, in run_benchmark
    test.run(preset, validate, repeat, timeout)
  File "/home/ubuntu/npbgpu/npb-lrz/npbench/infrastructure/test.py", line 88, in run
    for impl, impl_name in self.frmwrk.implementations(self.bench):
  File "/home/ubuntu/npbgpu/npb-lrz/npbench/infrastructure/pythran_framework.py", line 45, in implementations
    raise (e)
  File "/home/ubuntu/npbgpu/npb-lrz/npbench/infrastructure/pythran_framework.py", line 40, in implementations
    foo = importlib.util.module_from_spec(spec)
  File "<frozen importlib._bootstrap>", line 571, in module_from_spec
  File "<frozen importlib._bootstrap_external>", line 1176, in create_module
  File "<frozen importlib._bootstrap>", line 241, in _call_with_frames_removed
ImportError: /tmp/tmpgf5wy1nh/atax_pythran.so: undefined symbol: _Z11cblas_dgemv11CBLAS_ORDER15CBLAS_TRANSPOSEiidPKdiS2_idPdi
/home/ubuntu/.local/lib/python3.10/site-packages/numba/core/typed_passes.py:336: NumbaPerformanceWarning: [1m
The keyword argument 'parallel=True' was specified but no transformation for parallel execution was possible.

To find out why, try turning on parallel diagnostics, see https://numba.readthedocs.io/en/stable/user/parallel.html#diagnostics for help.
[1m
File "npbench/benchmarks/crc16/crc16_numba_np.py", line 7:[0m
[1m@nb.jit(nopython=True, parallel=True, fastmath=True)
[1mdef crc16(data, poly=0x8408):
[0m[1m^[0m[0m
[0m
  warnings.warn(errors.NumbaPerformanceWarning(msg,
first_execution took too long
/home/ubuntu/npbgpu/npb-lrz/npbench/benchmarks/mandelbrot1/mandelbrot1_numba_o.py:11: NumbaWarning: [1m
Compilation is falling back to object mode WITHOUT looplifting enabled because Function "mandelbrot" failed type inference due to: [1m[1m[1mNo implementation of function Function(<built-in function abs>) found for signature:
 
 >>> abs(array(complex128, 2d, C))
 
There are 6 candidate implementations:
[1m  - Of which 2 did not match due to:
  Type Restricted Function in function 'abs': File: unknown: Line unknown.
    With argument(s): '(array(complex128, 2d, C))':[0m
[1m   No match for registered cases:
    * (int8,) -> int8
    * (int16,) -> int16
    * (int32,) -> int32
    * (int64,) -> int64
    * (uint8,) -> uint8
    * (uint16,) -> uint16
    * (uint32,) -> uint32
    * (uint64,) -> uint64
    * (float32,) -> float32
    * (float64,) -> float64
    * (complex64,) -> float32
    * (complex128,) -> float64[0m
[1m  - Of which 4 did not match due to:
  Overload of function 'abs': File: <numerous>: Line N/A.
    With argument(s): '(array(complex128, 2d, C))':[0m
[1m   No match.[0m
[0m
[0m[1mDuring: resolving callee type: Function(<built-in function abs>)[0m
[0m[1mDuring: typing of call at /home/ubuntu/npbgpu/npb-lrz/npbench/benchmarks/mandelbrot1/mandelbrot1_numba_o.py (21)
[0m
[1m
File "npbench/benchmarks/mandelbrot1/mandelbrot1_numba_o.py", line 21:[0m
[1mdef mandelbrot(xmin, xmax, ymin, ymax, xn, yn, maxiter, horizon=2.0):
    <source elided>
    for n in range(maxiter):
[1m        I = np.less(abs(Z), horizon)
[0m        [1m^[0m[0m
[0m
  @nb.jit(nopython=False, forceobj=True, parallel=False, fastmath=True)
/home/ubuntu/npbgpu/npb-lrz/npbench/benchmarks/mandelbrot1/mandelbrot1_numba_op.py:11: NumbaWarning: [1m
Compilation is falling back to object mode WITHOUT looplifting enabled because Function "mandelbrot" failed type inference due to: [1m[1m[1mNo implementation of function Function(<built-in function abs>) found for signature:
 
 >>> abs(array(complex128, 2d, C))
 
There are 6 candidate implementations:
[1m    - Of which 2 did not match due to:
    Type Restricted Function in function 'abs': File: unknown: Line unknown.
      With argument(s): '(array(complex128, 2d, C))':[0m
[1m     No match for registered cases:
      * (int8,) -> int8
      * (int16,) -> int16
      * (int32,) -> int32
      * (int64,) -> int64
      * (uint8,) -> uint8
      * (uint16,) -> uint16
      * (uint32,) -> uint32
      * (uint64,) -> uint64
      * (float32,) -> float32
      * (float64,) -> float64
      * (complex64,) -> float32
      * (complex128,) -> float64[0m
[1m    - Of which 4 did not match due to:
    Overload of function 'abs': File: <numerous>: Line N/A.
      With argument(s): '(array(complex128, 2d, C))':[0m
[1m     No match.[0m
[0m
[0m[1mDuring: resolving callee type: Function(<built-in function abs>)[0m
[0m[1mDuring: typing of call at /home/ubuntu/npbgpu/npb-lrz/npbench/benchmarks/mandelbrot1/mandelbrot1_numba_op.py (21)
[0m
[1m
File "npbench/benchmarks/mandelbrot1/mandelbrot1_numba_op.py", line 21:[0m
[1mdef mandelbrot(xmin, xmax, ymin, ymax, xn, yn, maxiter, horizon=2.0):
    <source elided>
    for n in range(maxiter):
[1m        I = np.less(abs(Z), horizon)
[0m        [1m^[0m[0m
[0m
  @nb.jit(nopython=False, forceobj=True, parallel=True, fastmath=True)
/home/ubuntu/npbgpu/npb-lrz/npbench/benchmarks/mandelbrot1/mandelbrot1_numba_np.py:26: NumbaPerformanceWarning: [1m[1m
The keyword argument 'parallel=True' was specified but no transformation for parallel execution was possible.

To find out why, try turning on parallel diagnostics, see https://numba.readthedocs.io/en/stable/user/parallel.html#diagnostics for help.
[1m
File "npbench/benchmarks/mandelbrot1/mandelbrot1_numba_np.py", line 12:[0m
[1m@nb.jit(nopython=True, parallel=True, fastmath=True)
[1mdef linspace(start, stop, num, dtype):
[0m[1m^[0m[0m
[0m[0m
  X = linspace(xmin, xmax, xn, dtype=np.float64)
/home/ubuntu/.local/lib/python3.10/site-packages/numba/np/ufunc/parallel.py:371: NumbaWarning: [1mThe TBB threading layer requires TBB version 2021 update 6 or later i.e., TBB_INTERFACE_VERSION >= 12060. Found TBB_INTERFACE_VERSION = 12050. The TBB threading layer is disabled.[0m
  warnings.warn(problem)
/home/ubuntu/.local/lib/python3.10/site-packages/numpy/core/getlimits.py:518: UserWarning: The value of the smallest subnormal for <class 'numpy.float64'> type is zero.
  setattr(self, word, getattr(machar, word).flat[0])
/home/ubuntu/.local/lib/python3.10/site-packages/numpy/core/getlimits.py:89: UserWarning: The value of the smallest subnormal for <class 'numpy.float64'> type is zero.
  return self._float_to_str(self.smallest_subnormal)
/home/ubuntu/.local/lib/python3.10/site-packages/numpy/core/getlimits.py:518: UserWarning: The value of the smallest subnormal for <class 'numpy.float32'> type is zero.
  setattr(self, word, getattr(machar, word).flat[0])
/home/ubuntu/.local/lib/python3.10/site-packages/numpy/core/getlimits.py:89: UserWarning: The value of the smallest subnormal for <class 'numpy.float32'> type is zero.
  return self._float_to_str(self.smallest_subnormal)
/home/ubuntu/.local/lib/python3.10/site-packages/numba/np/ufunc/parallel.py:371: NumbaWarning: [1mThe TBB threading layer requires TBB version 2021 update 6 or later i.e., TBB_INTERFACE_VERSION >= 12060. Found TBB_INTERFACE_VERSION = 12050. The TBB threading layer is disabled.[0m
  warnings.warn(problem)
first_execution took too long
/home/ubuntu/.local/lib/python3.10/site-packages/numba/np/ufunc/parallel.py:371: NumbaWarning: [1mThe TBB threading layer requires TBB version 2021 update 6 or later i.e., TBB_INTERFACE_VERSION >= 12060. Found TBB_INTERFACE_VERSION = 12050. The TBB threading layer is disabled.[0m
  warnings.warn(problem)
/home/ubuntu/.local/lib/python3.10/site-packages/numba/np/ufunc/parallel.py:371: NumbaWarning: [1mThe TBB threading layer requires TBB version 2021 update 6 or later i.e., TBB_INTERFACE_VERSION >= 12060. Found TBB_INTERFACE_VERSION = 12050. The TBB threading layer is disabled.[0m
  warnings.warn(problem)
/home/ubuntu/.local/lib/python3.10/site-packages/numba/np/ufunc/parallel.py:371: NumbaWarning: [1mThe TBB threading layer requires TBB version 2021 update 6 or later i.e., TBB_INTERFACE_VERSION >= 12060. Found TBB_INTERFACE_VERSION = 12050. The TBB threading layer is disabled.[0m
  warnings.warn(problem)
/home/ubuntu/.local/lib/python3.10/site-packages/numba/np/ufunc/parallel.py:371: NumbaWarning: [1mThe TBB threading layer requires TBB version 2021 update 6 or later i.e., TBB_INTERFACE_VERSION >= 12060. Found TBB_INTERFACE_VERSION = 12050. The TBB threading layer is disabled.[0m
  warnings.warn(problem)
Process Process-109:
Traceback (most recent call last):
  File "/usr/lib/python3.10/multiprocessing/process.py", line 314, in _bootstrap
    self.run()
  File "/usr/lib/python3.10/multiprocessing/process.py", line 108, in run
    self._target(*self._args, **self._kwargs)
  File "/home/ubuntu/npbgpu/npb-lrz/main.py", line 14, in run_benchmark
    test.run(preset, validate, repeat, timeout)
  File "/home/ubuntu/npbgpu/npb-lrz/npbench/infrastructure/test.py", line 88, in run
    for impl, impl_name in self.frmwrk.implementations(self.bench):
  File "/home/ubuntu/npbgpu/npb-lrz/npbench/infrastructure/pythran_framework.py", line 45, in implementations
    raise (e)
  File "/home/ubuntu/npbgpu/npb-lrz/npbench/infrastructure/pythran_framework.py", line 40, in implementations
    foo = importlib.util.module_from_spec(spec)
  File "<frozen importlib._bootstrap>", line 571, in module_from_spec
  File "<frozen importlib._bootstrap_external>", line 1176, in create_module
  File "<frozen importlib._bootstrap>", line 241, in _call_with_frames_removed
ImportError: /tmp/tmplug7kr36/scattering_self_energies_pythran.so: undefined symbol: _Z11cblas_zgemm11CBLAS_ORDER15CBLAS_TRANSPOSES0_iiiPKvS2_iS2_iS2_Pvi
Process Process-111:
Traceback (most recent call last):
  File "/usr/lib/python3.10/multiprocessing/process.py", line 314, in _bootstrap
    self.run()
  File "/usr/lib/python3.10/multiprocessing/process.py", line 108, in run
    self._target(*self._args, **self._kwargs)
  File "/home/ubuntu/npbgpu/npb-lrz/main.py", line 10, in run_benchmark
    bench = Benchmark(benchname)
  File "/home/ubuntu/npbgpu/npb-lrz/npbench/infrastructure/benchmark.py", line 29, in __init__
    raise (e)
  File "/home/ubuntu/npbgpu/npb-lrz/npbench/infrastructure/benchmark.py", line 24, in __init__
    with open(bench_path) as json_file:
FileNotFoundError: [Errno 2] No such file or directory: '/home/ubuntu/npbgpu/npb-lrz/npbench/infrastructure/../../bench_info/contour_intergral.json'
Process Process-112:
Traceback (most recent call last):
  File "/usr/lib/python3.10/multiprocessing/process.py", line 314, in _bootstrap
    self.run()
  File "/usr/lib/python3.10/multiprocessing/process.py", line 108, in run
    self._target(*self._args, **self._kwargs)
  File "/home/ubuntu/npbgpu/npb-lrz/main.py", line 10, in run_benchmark
    bench = Benchmark(benchname)
  File "/home/ubuntu/npbgpu/npb-lrz/npbench/infrastructure/benchmark.py", line 29, in __init__
    raise (e)
  File "/home/ubuntu/npbgpu/npb-lrz/npbench/infrastructure/benchmark.py", line 24, in __init__
    with open(bench_path) as json_file:
FileNotFoundError: [Errno 2] No such file or directory: '/home/ubuntu/npbgpu/npb-lrz/npbench/infrastructure/../../bench_info/contour_intergral.json'
Process Process-113:
Traceback (most recent call last):
  File "/usr/lib/python3.10/multiprocessing/process.py", line 314, in _bootstrap
    self.run()
  File "/usr/lib/python3.10/multiprocessing/process.py", line 108, in run
    self._target(*self._args, **self._kwargs)
  File "/home/ubuntu/npbgpu/npb-lrz/main.py", line 10, in run_benchmark
    bench = Benchmark(benchname)
  File "/home/ubuntu/npbgpu/npb-lrz/npbench/infrastructure/benchmark.py", line 29, in __init__
    raise (e)
  File "/home/ubuntu/npbgpu/npb-lrz/npbench/infrastructure/benchmark.py", line 24, in __init__
    with open(bench_path) as json_file:
FileNotFoundError: [Errno 2] No such file or directory: '/home/ubuntu/npbgpu/npb-lrz/npbench/infrastructure/../../bench_info/contour_intergral.json'
Process Process-114:
Traceback (most recent call last):
  File "/usr/lib/python3.10/multiprocessing/process.py", line 314, in _bootstrap
    self.run()
  File "/usr/lib/python3.10/multiprocessing/process.py", line 108, in run
    self._target(*self._args, **self._kwargs)
  File "/home/ubuntu/npbgpu/npb-lrz/main.py", line 10, in run_benchmark
    bench = Benchmark(benchname)
  File "/home/ubuntu/npbgpu/npb-lrz/npbench/infrastructure/benchmark.py", line 29, in __init__
    raise (e)
  File "/home/ubuntu/npbgpu/npb-lrz/npbench/infrastructure/benchmark.py", line 24, in __init__
    with open(bench_path) as json_file:
FileNotFoundError: [Errno 2] No such file or directory: '/home/ubuntu/npbgpu/npb-lrz/npbench/infrastructure/../../bench_info/contour_intergral.json'
Process Process-115:
Traceback (most recent call last):
  File "/usr/lib/python3.10/multiprocessing/process.py", line 314, in _bootstrap
    self.run()
  File "/usr/lib/python3.10/multiprocessing/process.py", line 108, in run
    self._target(*self._args, **self._kwargs)
  File "/home/ubuntu/npbgpu/npb-lrz/main.py", line 10, in run_benchmark
    bench = Benchmark(benchname)
  File "/home/ubuntu/npbgpu/npb-lrz/npbench/infrastructure/benchmark.py", line 29, in __init__
    raise (e)
  File "/home/ubuntu/npbgpu/npb-lrz/npbench/infrastructure/benchmark.py", line 24, in __init__
    with open(bench_path) as json_file:
FileNotFoundError: [Errno 2] No such file or directory: '/home/ubuntu/npbgpu/npb-lrz/npbench/infrastructure/../../bench_info/contour_intergral.json'
/home/ubuntu/npbgpu/npb-lrz/npbench/benchmarks/stockham_fft/stockham_fft_numba_o.py:5: NumbaWarning: [1m
Compilation is falling back to object mode WITHOUT looplifting enabled because Function "stockham_fft" failed type inference due to: reshape() supports contiguous array only[0m
  @nb.jit(nopython=False, forceobj=True, parallel=False, fastmath=True)
/home/ubuntu/npbgpu/npb-lrz/npbench/benchmarks/stockham_fft/stockham_fft_numba_o.py:5: NumbaWarning: [1m
Compilation is falling back to object mode WITHOUT looplifting enabled because Function "stockham_fft" failed type inference due to: reshape() supports contiguous array only[0m
  @nb.jit(nopython=False, forceobj=True, parallel=False, fastmath=True)
/home/ubuntu/npbgpu/npb-lrz/npbench/benchmarks/stockham_fft/stockham_fft_numba_op.py:5: NumbaWarning: [1m
Compilation is falling back to object mode WITHOUT looplifting enabled because Function "stockham_fft" failed type inference due to: reshape() supports contiguous array only[0m
  @nb.jit(nopython=False, forceobj=True, parallel=True, fastmath=True)
/home/ubuntu/npbgpu/npb-lrz/npbench/benchmarks/stockham_fft/stockham_fft_numba_op.py:5: NumbaWarning: [1m
Compilation is falling back to object mode WITHOUT looplifting enabled because Function "stockham_fft" failed type inference due to: reshape() supports contiguous array only[0m
  @nb.jit(nopython=False, forceobj=True, parallel=True, fastmath=True)
/home/ubuntu/npbgpu/npb-lrz/npbench/benchmarks/stockham_fft/stockham_fft_numba_np.py:21: NumbaWarning: [1m[1mThe TBB threading layer requires TBB version 2021 update 6 or later i.e., TBB_INTERFACE_VERSION >= 12060. Found TBB_INTERFACE_VERSION = 12050. The TBB threading layer is disabled.[0m[0m
  i_coord, j_coord = mgrid(R, R)
WARNING: Compilation error, trying hard to find its origin...
WARNING: Nope, I'm going to flood you with C++ errors!
CRITICAL: Cover me Jack. Jack? Jaaaaack!!!!
E: error: Command "x86_64-linux-gnu-gcc -Wno-unused-result -Wsign-compare -DNDEBUG -g -fwrapv -O2 -Wall -g -fstack-protector-strong -Wformat -Werror=format-security -g -fwrapv -O2 -g -fstack-protector-strong -Wformat -Werror=format-security -Wdate-time -D_FORTIFY_SOURCE=2 -fPIC -DENABLE_PYTHON_MODULE -D__PYTHRAN__=3 -DUSE_XSIMD -I/home/ubuntu/.local/lib/python3.10/site-packages/pythran -I/home/ubuntu/.local/lib/python3.10/site-packages/numpy/core/include -I/usr/include/python3.10 -c /tmp/tmpqznnl_av.cpp -o /tmp/tmpbj65fpjl/tmp/tmpqznnl_av.o -std=c++11 -fno-math-errno -fvisibility=hidden -fno-wrapv -Wno-unused-function -Wno-int-in-bool-context -Wno-unknown-warning-option -fopenmp -march=native -ffast-math" failed with exit status 1
Process Process-119:
Traceback (most recent call last):
  File "/usr/lib/python3.10/multiprocessing/process.py", line 314, in _bootstrap
    self.run()
  File "/usr/lib/python3.10/multiprocessing/process.py", line 108, in run
    self._target(*self._args, **self._kwargs)
  File "/home/ubuntu/npbgpu/npb-lrz/main.py", line 14, in run_benchmark
    test.run(preset, validate, repeat, timeout)
  File "/home/ubuntu/npbgpu/npb-lrz/npbench/infrastructure/test.py", line 88, in run
    for impl, impl_name in self.frmwrk.implementations(self.bench):
  File "/home/ubuntu/npbgpu/npb-lrz/npbench/infrastructure/pythran_framework.py", line 45, in implementations
    raise (e)
  File "/home/ubuntu/npbgpu/npb-lrz/npbench/infrastructure/pythran_framework.py", line 40, in implementations
    foo = importlib.util.module_from_spec(spec)
  File "<frozen importlib._bootstrap>", line 571, in module_from_spec
  File "<frozen importlib._bootstrap_external>", line 1176, in create_module
  File "<frozen importlib._bootstrap>", line 241, in _call_with_frames_removed
ImportError: /tmp/tmp8qshgv7e/stockham_fft_pythran.so: cannot open shared object file: No such file or directory
Traceback (most recent call last):
  File "/home/ubuntu/.local/lib/python3.10/site-packages/dace/codegen/compiler.py", line 232, in configure_and_compile
    _run_liveoutput("cmake --build . --config %s" % (Config.get('compiler', 'build_type')),
  File "/home/ubuntu/.local/lib/python3.10/site-packages/dace/codegen/compiler.py", line 416, in _run_liveoutput
    raise subprocess.CalledProcessError(process.returncode, command, output.getvalue())
subprocess.CalledProcessError: Command 'cmake --build . --config RelWithDebInfo' returned non-zero exit status 2.

During handling of the above exception, another exception occurred:

Traceback (most recent call last):
  File "/home/ubuntu/npbgpu/npb-lrz/npbench/infrastructure/dace_framework.py", line 274, in implementations
    dc_exec, compile_time = util.benchmark("__npb_result = sdfg.compile()",
  File "/home/ubuntu/npbgpu/npb-lrz/npbench/infrastructure/utilities.py", line 140, in benchmark
    output = timeit.repeat(stmt, setup=setup, repeat=repeat, number=1, globals=ldict)
  File "/usr/lib/python3.10/timeit.py", line 239, in repeat
    return Timer(stmt, setup, timer, globals).repeat(repeat, number)
  File "/usr/lib/python3.10/timeit.py", line 206, in repeat
    t = self.timeit(number)
  File "/usr/lib/python3.10/timeit.py", line 178, in timeit
    timing = self.inner(it, self.timer)
  File "<timeit-src>", line 6, in inner
  File "/home/ubuntu/.local/lib/python3.10/site-packages/dace/sdfg/sdfg.py", line 2253, in compile
    shared_library = compiler.configure_and_compile(program_folder, sdfg.name)
  File "/home/ubuntu/.local/lib/python3.10/site-packages/dace/codegen/compiler.py", line 241, in configure_and_compile
    raise cgx.CompilationError('Compiler failure:\n' + ex.output)
dace.codegen.exceptions.CompilationError: Compiler failure:
Consolidate compiler generated dependencies of target fusion
[ 25%] Building CXX object CMakeFiles/fusion.dir/home/ubuntu/npbgpu/npb-lrz/.dacecache/fusion/src/cpu/fusion.cpp.o
In file included from /home/ubuntu/.local/lib/python3.10/site-packages/dace/codegen/../runtime/include/dace/dace.h:14,
                 from /home/ubuntu/npbgpu/npb-lrz/.dacecache/fusion/src/cpu/fusion.cpp:2:
/home/ubuntu/.local/lib/python3.10/site-packages/dace/codegen/../runtime/include/dace/types.h: In constructor â€˜dace::half::half(float)â€™:
/home/ubuntu/.local/lib/python3.10/site-packages/dace/codegen/../runtime/include/dace/types.h:92:28: warning: dereferencing type-punned pointer will break strict-aliasing rules [-Wstrict-aliasing]
   92 |             uint32_t x = *((uint32_t*)&f);
      |                           ~^~~~~~~~~~~~~~
/home/ubuntu/npbgpu/npb-lrz/.dacecache/fusion/src/cpu/fusion.cpp: In function â€˜void _TensorTranspose_sdfg_0_2_16(fusion_state_t*, dace::complex128*, dace::complex128*, long long int, long long int, long long int)â€™:
/home/ubuntu/npbgpu/npb-lrz/.dacecache/fusion/src/cpu/fusion.cpp:19:64: error: invalid types â€˜dace::complex128* __restrict__ {aka std::complex<double>* __restrict__}[double]â€™ for array subscript
   19 |                             dace::complex128 _inp = _inp_tensor[(R*dace::math::pow(R, K - i - 1)*__i0 + dace::math::pow(R, K - i - 1)*__i1 + __i2)];
      |                                                                ^
/home/ubuntu/npbgpu/npb-lrz/.dacecache/fusion/src/cpu/fusion.cpp:27:40: error: invalid types â€˜dace::complex128* __restrict__ {aka std::complex<double>* __restrict__}[double]â€™ for array subscript
   27 |                             _out_tensor[(dace::math::pow(R, i)*dace::math::pow(R, K - i - 1)*__i1 + dace::math::pow(R, K - i - 1)*__i0 + __i2)] = _out;
      |                                        ^
/home/ubuntu/npbgpu/npb-lrz/.dacecache/fusion/src/cpu/fusion.cpp:15:38: error: invalid controlling predicate
   15 |             for (auto __i0 = 0; __i0 < (dace::math::pow(R, i)); __i0 += 1) {
      |                                 ~~~~~^~~~~~~~~~~~~~~~~~~~~~~~~
/home/ubuntu/npbgpu/npb-lrz/.dacecache/fusion/src/cpu/fusion.cpp: In function â€˜void _MatMult_gemm_sdfg_0_5_11(fusion_state_t*, dace::complex128*, dace::complex128*, dace::complex128*, long long int, long long int)â€™:
/home/ubuntu/npbgpu/npb-lrz/.dacecache/fusion/src/cpu/fusion.cpp:54:27: error: invalid types â€˜dace::complex128* __restrict__ {aka std::complex<double>* __restrict__}[double]â€™ for array subscript
   54 |                         _c[(dace::math::pow(R, K - 1)*_o0 + _o1)] = out;
      |                           ^
/home/ubuntu/npbgpu/npb-lrz/.dacecache/fusion/src/cpu/fusion.cpp:70:54: error: invalid types â€˜dace::complex128* __restrict__ {aka std::complex<double>* __restrict__}[double]â€™ for array subscript
   70 |                             dace::complex128 __b = _b[(dace::math::pow(R, K - 1)*__i2 + __i1)];
      |                                                      ^
/home/ubuntu/npbgpu/npb-lrz/.dacecache/fusion/src/cpu/fusion.cpp:78:107: error: invalid operands of types â€˜dace::complex128* __restrict__â€™ {aka â€˜std::complex<double>* __restrict__â€™} and â€˜doubleâ€™ to binary â€˜operator+â€™
   78 |                             dace::wcr_fixed<dace::ReductionType::Sum, dace::complex128>::reduce_atomic(_c + (dace::math::pow(R, K - 1)*__i0 + __i1), __out);
      |                                                                                                        ~~ ^ ~~~~~~~~~~~~~~~~~~~~~~~~~~~~~~~~~~~~~~~
      |                                                                                                        |                                    |
      |                                                                                                        |                                    double
      |                                                                                                        dace::complex128* __restrict__ {aka std::complex<double>* __restrict__}
/home/ubuntu/npbgpu/npb-lrz/.dacecache/fusion/src/cpu/fusion.cpp: In function â€˜void __program_fusion_internal(fusion_state_t*, dace::complex128*, dace::complex128*, long long int, long long int)â€™:
/home/ubuntu/npbgpu/npb-lrz/.dacecache/fusion/src/cpu/fusion.cpp:92:54: warning: â€˜newâ€™ of type â€˜unsigned intâ€™ with extended alignment 64 [-Waligned-new=]
   92 |     i_coord = new unsigned int DACE_ALIGN(64)[(R * R)];
      |                                                      ^
/home/ubuntu/npbgpu/npb-lrz/.dacecache/fusion/src/cpu/fusion.cpp:92:54: note: uses â€˜void* operator new [](std::size_t)â€™, which does not have an alignment parameter
/home/ubuntu/npbgpu/npb-lrz/.dacecache/fusion/src/cpu/fusion.cpp:92:54: note: use â€˜-faligned-newâ€™ to enable C++17 over-aligned new support
/home/ubuntu/npbgpu/npb-lrz/.dacecache/fusion/src/cpu/fusion.cpp:94:54: warning: â€˜newâ€™ of type â€˜unsigned intâ€™ with extended alignment 64 [-Waligned-new=]
   94 |     j_coord = new unsigned int DACE_ALIGN(64)[(R * R)];
      |                                                      ^
/home/ubuntu/npbgpu/npb-lrz/.dacecache/fusion/src/cpu/fusion.cpp:94:54: note: uses â€˜void* operator new [](std::size_t)â€™, which does not have an alignment parameter
/home/ubuntu/npbgpu/npb-lrz/.dacecache/fusion/src/cpu/fusion.cpp:94:54: note: use â€˜-faligned-newâ€™ to enable C++17 over-aligned new support
/home/ubuntu/npbgpu/npb-lrz/.dacecache/fusion/src/cpu/fusion.cpp:96:58: warning: ignoring attributes applied to class type â€˜dace::complex128â€™ {aka â€˜std::complex<double>â€™} outside of definition [-Wattributes]
   96 |     dft_mat = new dace::complex128 DACE_ALIGN(64)[(R * R)];
      |                                                          ^
/home/ubuntu/npbgpu/npb-lrz/.dacecache/fusion/src/cpu/fusion.cpp:98:48: error: expression in new-declarator must have integral or enumeration type
   98 |     ii_coord = new unsigned int DACE_ALIGN(64)[(R*dace::math::pow(R, K))];
      |                                                ^
/home/ubuntu/npbgpu/npb-lrz/.dacecache/fusion/src/cpu/fusion.cpp:98:73: warning: â€˜newâ€™ of type â€˜unsigned intâ€™ with extended alignment 64 [-Waligned-new=]
   98 |     ii_coord = new unsigned int DACE_ALIGN(64)[(R*dace::math::pow(R, K))];
      |                                                                         ^
/home/ubuntu/npbgpu/npb-lrz/.dacecache/fusion/src/cpu/fusion.cpp:98:73: note: uses â€˜void* operator new [](std::size_t)â€™, which does not have an alignment parameter
/home/ubuntu/npbgpu/npb-lrz/.dacecache/fusion/src/cpu/fusion.cpp:98:73: note: use â€˜-faligned-newâ€™ to enable C++17 over-aligned new support
/home/ubuntu/npbgpu/npb-lrz/.dacecache/fusion/src/cpu/fusion.cpp:100:48: error: expression in new-declarator must have integral or enumeration type
  100 |     jj_coord = new unsigned int DACE_ALIGN(64)[(R*dace::math::pow(R, K))];
      |                                                ^
/home/ubuntu/npbgpu/npb-lrz/.dacecache/fusion/src/cpu/fusion.cpp:100:73: warning: â€˜newâ€™ of type â€˜unsigned intâ€™ with extended alignment 64 [-Waligned-new=]
  100 |     jj_coord = new unsigned int DACE_ALIGN(64)[(R*dace::math::pow(R, K))];
      |                                                                         ^
/home/ubuntu/npbgpu/npb-lrz/.dacecache/fusion/src/cpu/fusion.cpp:100:73: note: uses â€˜void* operator new [](std::size_t)â€™, which does not have an alignment parameter
/home/ubuntu/npbgpu/npb-lrz/.dacecache/fusion/src/cpu/fusion.cpp:100:73: note: use â€˜-faligned-newâ€™ to enable C++17 over-aligned new support
/home/ubuntu/npbgpu/npb-lrz/.dacecache/fusion/src/cpu/fusion.cpp:102:52: error: expression in new-declarator must have integral or enumeration type
  102 |     tmp_perm = new dace::complex128 DACE_ALIGN(64)[(dace::math::pow(R, K))];
      |                                                    ^
/home/ubuntu/npbgpu/npb-lrz/.dacecache/fusion/src/cpu/fusion.cpp:102:75: warning: ignoring attributes applied to class type â€˜dace::complex128â€™ {aka â€˜std::complex<double>â€™} outside of definition [-Wattributes]
  102 |     tmp_perm = new dace::complex128 DACE_ALIGN(64)[(dace::math::pow(R, K))];
      |                                                                           ^
/home/ubuntu/npbgpu/npb-lrz/.dacecache/fusion/src/cpu/fusion.cpp:104:45: error: expression in new-declarator must have integral or enumeration type
  104 |     D = new dace::complex128 DACE_ALIGN(64)[(dace::math::pow(R, K))];
      |                                             ^
/home/ubuntu/npbgpu/npb-lrz/.dacecache/fusion/src/cpu/fusion.cpp:104:68: warning: ignoring attributes applied to class type â€˜dace::complex128â€™ {aka â€˜std::complex<double>â€™} outside of definition [-Wattributes]
  104 |     D = new dace::complex128 DACE_ALIGN(64)[(dace::math::pow(R, K))];
      |                                                                    ^
/home/ubuntu/npbgpu/npb-lrz/.dacecache/fusion/src/cpu/fusion.cpp:106:47: error: expression in new-declarator must have integral or enumeration type
  106 |     tmp = new dace::complex128 DACE_ALIGN(64)[(dace::math::pow(R, K))];
      |                                               ^
/home/ubuntu/npbgpu/npb-lrz/.dacecache/fusion/src/cpu/fusion.cpp:106:70: warning: ignoring attributes applied to class type â€˜dace::complex128â€™ {aka â€˜std::complex<double>â€™} outside of definition [-Wattributes]
  106 |     tmp = new dace::complex128 DACE_ALIGN(64)[(dace::math::pow(R, K))];
      |                                                                      ^
/home/ubuntu/npbgpu/npb-lrz/.dacecache/fusion/src/cpu/fusion.cpp:181:38: error: unable to find numeric literal operator â€˜operator""jâ€™
  181 |                         __out = ((-0-6.283185307179586j) * dace::complex128(__in2));
      |                                      ^~~~~~~~~~~~~~~~~~
/home/ubuntu/npbgpu/npb-lrz/.dacecache/fusion/src/cpu/fusion.cpp:181:38: note: use â€˜-fext-numeric-literalsâ€™ to enable more built-in suffixes
/home/ubuntu/npbgpu/npb-lrz/.dacecache/fusion/src/cpu/fusion.cpp:247:37: error: invalid types â€˜unsigned int*[double]â€™ for array subscript
  247 |                             ii_coord[(dace::math::pow(R, K)*__i0 + __i1)] = __out;
      |                                     ^
/home/ubuntu/npbgpu/npb-lrz/.dacecache/fusion/src/cpu/fusion.cpp:274:37: error: invalid types â€˜unsigned int*[double]â€™ for array subscript
  274 |                             jj_coord[(dace::math::pow(R, K)*__i0 + __i1)] = __out;
      |                                     ^
/home/ubuntu/npbgpu/npb-lrz/.dacecache/fusion/src/cpu/fusion.cpp:291:59: error: expression in new-declarator must have integral or enumeration type
  291 |             __tmp12 = new dace::complex128 DACE_ALIGN(64)[(R*dace::math::pow(R, i)*dace::math::pow(R, K - i - 1))];
      |                                                           ^
/home/ubuntu/npbgpu/npb-lrz/.dacecache/fusion/src/cpu/fusion.cpp:291:114: warning: ignoring attributes applied to class type â€˜dace::complex128â€™ {aka â€˜std::complex<double>â€™} outside of definition [-Wattributes]
  291 |             __tmp12 = new dace::complex128 DACE_ALIGN(64)[(R*dace::math::pow(R, i)*dace::math::pow(R, K - i - 1))];
      |                                                                                                                  ^
/home/ubuntu/npbgpu/npb-lrz/.dacecache/fusion/src/cpu/fusion.cpp:309:58: error: invalid types â€˜unsigned int*[double]â€™ for array subscript
  309 |                             unsigned int __in2 = ii_coord[(dace::math::pow(R, K)*__i0 + __i1)];
      |                                                          ^
/home/ubuntu/npbgpu/npb-lrz/.dacecache/fusion/src/cpu/fusion.cpp:314:42: error: unable to find numeric literal operator â€˜operator""jâ€™
  314 |                             __out = ((-0-6.283185307179586j) * dace::complex128(__in2));
      |                                          ^~~~~~~~~~~~~~~~~~
/home/ubuntu/npbgpu/npb-lrz/.dacecache/fusion/src/cpu/fusion.cpp:314:42: note: use â€˜-fext-numeric-literalsâ€™ to enable more built-in suffixes
/home/ubuntu/npbgpu/npb-lrz/.dacecache/fusion/src/cpu/fusion.cpp:322:58: error: invalid types â€˜unsigned int*[double]â€™ for array subscript
  322 |                             unsigned int __in2 = jj_coord[(dace::math::pow(R, K)*__i0 + __i1)];
      |                                                          ^
/home/ubuntu/npbgpu/npb-lrz/.dacecache/fusion/src/cpu/fusion.cpp:353:38: error: invalid types â€˜dace::complex128* {aka std::complex<double>*}[double]â€™ for array subscript
  353 |                             __tmp11_0[(dace::math::pow(R, i)*__i0 + __i1)] = __out;
      |                                      ^
/home/ubuntu/npbgpu/npb-lrz/.dacecache/fusion/src/cpu/fusion.cpp:379:60: error: expression in new-declarator must have integral or enumeration type
  379 |             tmp_twid = new dace::complex128 DACE_ALIGN(64)[(dace::math::pow(R, K))];
      |                                                            ^
/home/ubuntu/npbgpu/npb-lrz/.dacecache/fusion/src/cpu/fusion.cpp:379:83: warning: ignoring attributes applied to class type â€˜dace::complex128â€™ {aka â€˜std::complex<double>â€™} outside of definition [-Wattributes]
  379 |             tmp_twid = new dace::complex128 DACE_ALIGN(64)[(dace::math::pow(R, K))];
      |                                                                                   ^
/home/ubuntu/npbgpu/npb-lrz/.dacecache/fusion/src/cpu/fusion.cpp:383:59: error: expression in new-declarator must have integral or enumeration type
  383 |             __tmp18 = new dace::complex128 DACE_ALIGN(64)[(R*dace::math::pow(R, K - 1))];
      |                                                           ^
/home/ubuntu/npbgpu/npb-lrz/.dacecache/fusion/src/cpu/fusion.cpp:383:88: warning: ignoring attributes applied to class type â€˜dace::complex128â€™ {aka â€˜std::complex<double>â€™} outside of definition [-Wattributes]
  383 |             __tmp18 = new dace::complex128 DACE_ALIGN(64)[(R*dace::math::pow(R, K - 1))];
      |                                                                                        ^
/home/ubuntu/npbgpu/npb-lrz/.dacecache/fusion/src/cpu/fusion.cpp:389:42: error: invalid controlling predicate
  389 |                 for (auto __i0 = 0; __i0 < (dace::math::pow(R, K)); __i0 += 1) {
      |                                     ~~~~~^~~~~~~~~~~~~~~~~~~~~~~~~
gmake[2]: *** [CMakeFiles/fusion.dir/build.make:76: CMakeFiles/fusion.dir/home/ubuntu/npbgpu/npb-lrz/.dacecache/fusion/src/cpu/fusion.cpp.o] Error 1
gmake[1]: *** [CMakeFiles/Makefile2:85: CMakeFiles/fusion.dir/all] Error 2
gmake: *** [Makefile:91: all] Error 2

Traceback (most recent call last):
  File "/home/ubuntu/.local/lib/python3.10/site-packages/dace/codegen/compiler.py", line 232, in configure_and_compile
    _run_liveoutput("cmake --build . --config %s" % (Config.get('compiler', 'build_type')),
  File "/home/ubuntu/.local/lib/python3.10/site-packages/dace/codegen/compiler.py", line 416, in _run_liveoutput
    raise subprocess.CalledProcessError(process.returncode, command, output.getvalue())
subprocess.CalledProcessError: Command 'cmake --build . --config RelWithDebInfo' returned non-zero exit status 2.

During handling of the above exception, another exception occurred:

Traceback (most recent call last):
  File "/home/ubuntu/npbgpu/npb-lrz/npbench/infrastructure/dace_framework.py", line 274, in implementations
    dc_exec, compile_time = util.benchmark("__npb_result = sdfg.compile()",
  File "/home/ubuntu/npbgpu/npb-lrz/npbench/infrastructure/utilities.py", line 140, in benchmark
    output = timeit.repeat(stmt, setup=setup, repeat=repeat, number=1, globals=ldict)
  File "/usr/lib/python3.10/timeit.py", line 239, in repeat
    return Timer(stmt, setup, timer, globals).repeat(repeat, number)
  File "/usr/lib/python3.10/timeit.py", line 206, in repeat
    t = self.timeit(number)
  File "/usr/lib/python3.10/timeit.py", line 178, in timeit
    timing = self.inner(it, self.timer)
  File "<timeit-src>", line 6, in inner
  File "/home/ubuntu/.local/lib/python3.10/site-packages/dace/sdfg/sdfg.py", line 2253, in compile
    shared_library = compiler.configure_and_compile(program_folder, sdfg.name)
  File "/home/ubuntu/.local/lib/python3.10/site-packages/dace/codegen/compiler.py", line 241, in configure_and_compile
    raise cgx.CompilationError('Compiler failure:\n' + ex.output)
dace.codegen.exceptions.CompilationError: Compiler failure:
Consolidate compiler generated dependencies of target parallel
[ 25%] Building CXX object CMakeFiles/parallel.dir/home/ubuntu/npbgpu/npb-lrz/.dacecache/parallel/src/cpu/parallel.cpp.o
In file included from /home/ubuntu/.local/lib/python3.10/site-packages/dace/codegen/../runtime/include/dace/dace.h:14,
                 from /home/ubuntu/npbgpu/npb-lrz/.dacecache/parallel/src/cpu/parallel.cpp:2:
/home/ubuntu/.local/lib/python3.10/site-packages/dace/codegen/../runtime/include/dace/types.h: In constructor â€˜dace::half::half(float)â€™:
/home/ubuntu/.local/lib/python3.10/site-packages/dace/codegen/../runtime/include/dace/types.h:92:28: warning: dereferencing type-punned pointer will break strict-aliasing rules [-Wstrict-aliasing]
   92 |             uint32_t x = *((uint32_t*)&f);
      |                           ~^~~~~~~~~~~~~~
/home/ubuntu/npbgpu/npb-lrz/.dacecache/parallel/src/cpu/parallel.cpp: In function â€˜void _TensorTranspose_sdfg_0_0_16(parallel_state_t*, dace::complex128*, dace::complex128*, long long int, long long int, long long int)â€™:
/home/ubuntu/npbgpu/npb-lrz/.dacecache/parallel/src/cpu/parallel.cpp:19:64: error: invalid types â€˜dace::complex128* __restrict__ {aka std::complex<double>* __restrict__}[double]â€™ for array subscript
   19 |                             dace::complex128 _inp = _inp_tensor[(R*dace::math::pow(R, K - i - 1)*__i0 + dace::math::pow(R, K - i - 1)*__i1 + __i2)];
      |                                                                ^
/home/ubuntu/npbgpu/npb-lrz/.dacecache/parallel/src/cpu/parallel.cpp:27:40: error: invalid types â€˜dace::complex128* __restrict__ {aka std::complex<double>* __restrict__}[double]â€™ for array subscript
   27 |                             _out_tensor[(dace::math::pow(R, i)*dace::math::pow(R, K - i - 1)*__i1 + dace::math::pow(R, K - i - 1)*__i0 + __i2)] = _out;
      |                                        ^
/home/ubuntu/npbgpu/npb-lrz/.dacecache/parallel/src/cpu/parallel.cpp:15:38: error: invalid controlling predicate
   15 |             for (auto __i0 = 0; __i0 < (dace::math::pow(R, i)); __i0 += 1) {
      |                                 ~~~~~^~~~~~~~~~~~~~~~~~~~~~~~~
/home/ubuntu/npbgpu/npb-lrz/.dacecache/parallel/src/cpu/parallel.cpp: In function â€˜void _MatMult_gemm_sdfg_0_3_11(parallel_state_t*, dace::complex128*, dace::complex128*, dace::complex128*, long long int, long long int)â€™:
/home/ubuntu/npbgpu/npb-lrz/.dacecache/parallel/src/cpu/parallel.cpp:54:27: error: invalid types â€˜dace::complex128* __restrict__ {aka std::complex<double>* __restrict__}[double]â€™ for array subscript
   54 |                         _c[(dace::math::pow(R, K - 1)*_o0 + _o1)] = out;
      |                           ^
/home/ubuntu/npbgpu/npb-lrz/.dacecache/parallel/src/cpu/parallel.cpp:70:54: error: invalid types â€˜dace::complex128* __restrict__ {aka std::complex<double>* __restrict__}[double]â€™ for array subscript
   70 |                             dace::complex128 __b = _b[(dace::math::pow(R, K - 1)*__i2 + __i1)];
      |                                                      ^
/home/ubuntu/npbgpu/npb-lrz/.dacecache/parallel/src/cpu/parallel.cpp:78:107: error: invalid operands of types â€˜dace::complex128* __restrict__â€™ {aka â€˜std::complex<double>* __restrict__â€™} and â€˜doubleâ€™ to binary â€˜operator+â€™
   78 |                             dace::wcr_fixed<dace::ReductionType::Sum, dace::complex128>::reduce_atomic(_c + (dace::math::pow(R, K - 1)*__i0 + __i1), __out);
      |                                                                                                        ~~ ^ ~~~~~~~~~~~~~~~~~~~~~~~~~~~~~~~~~~~~~~~
      |                                                                                                        |                                    |
      |                                                                                                        |                                    double
      |                                                                                                        dace::complex128* __restrict__ {aka std::complex<double>* __restrict__}
/home/ubuntu/npbgpu/npb-lrz/.dacecache/parallel/src/cpu/parallel.cpp: In function â€˜void __program_parallel_internal(parallel_state_t*, dace::complex128*, dace::complex128*, long long int, long long int)â€™:
/home/ubuntu/npbgpu/npb-lrz/.dacecache/parallel/src/cpu/parallel.cpp:92:58: warning: ignoring attributes applied to class type â€˜dace::complex128â€™ {aka â€˜std::complex<double>â€™} outside of definition [-Wattributes]
   92 |     dft_mat = new dace::complex128 DACE_ALIGN(64)[(R * R)];
      |                                                          ^
/home/ubuntu/npbgpu/npb-lrz/.dacecache/parallel/src/cpu/parallel.cpp:94:48: error: expression in new-declarator must have integral or enumeration type
   94 |     ii_coord = new unsigned int DACE_ALIGN(64)[(R*dace::math::pow(R, K))];
      |                                                ^
/home/ubuntu/npbgpu/npb-lrz/.dacecache/parallel/src/cpu/parallel.cpp:94:73: warning: â€˜newâ€™ of type â€˜unsigned intâ€™ with extended alignment 64 [-Waligned-new=]
   94 |     ii_coord = new unsigned int DACE_ALIGN(64)[(R*dace::math::pow(R, K))];
      |                                                                         ^
/home/ubuntu/npbgpu/npb-lrz/.dacecache/parallel/src/cpu/parallel.cpp:94:73: note: uses â€˜void* operator new [](std::size_t)â€™, which does not have an alignment parameter
/home/ubuntu/npbgpu/npb-lrz/.dacecache/parallel/src/cpu/parallel.cpp:94:73: note: use â€˜-faligned-newâ€™ to enable C++17 over-aligned new support
/home/ubuntu/npbgpu/npb-lrz/.dacecache/parallel/src/cpu/parallel.cpp:96:48: error: expression in new-declarator must have integral or enumeration type
   96 |     jj_coord = new unsigned int DACE_ALIGN(64)[(R*dace::math::pow(R, K))];
      |                                                ^
/home/ubuntu/npbgpu/npb-lrz/.dacecache/parallel/src/cpu/parallel.cpp:96:73: warning: â€˜newâ€™ of type â€˜unsigned intâ€™ with extended alignment 64 [-Waligned-new=]
   96 |     jj_coord = new unsigned int DACE_ALIGN(64)[(R*dace::math::pow(R, K))];
      |                                                                         ^
/home/ubuntu/npbgpu/npb-lrz/.dacecache/parallel/src/cpu/parallel.cpp:96:73: note: uses â€˜void* operator new [](std::size_t)â€™, which does not have an alignment parameter
/home/ubuntu/npbgpu/npb-lrz/.dacecache/parallel/src/cpu/parallel.cpp:96:73: note: use â€˜-faligned-newâ€™ to enable C++17 over-aligned new support
/home/ubuntu/npbgpu/npb-lrz/.dacecache/parallel/src/cpu/parallel.cpp:98:52: error: expression in new-declarator must have integral or enumeration type
   98 |     tmp_perm = new dace::complex128 DACE_ALIGN(64)[(dace::math::pow(R, K))];
      |                                                    ^
/home/ubuntu/npbgpu/npb-lrz/.dacecache/parallel/src/cpu/parallel.cpp:98:75: warning: ignoring attributes applied to class type â€˜dace::complex128â€™ {aka â€˜std::complex<double>â€™} outside of definition [-Wattributes]
   98 |     tmp_perm = new dace::complex128 DACE_ALIGN(64)[(dace::math::pow(R, K))];
      |                                                                           ^
/home/ubuntu/npbgpu/npb-lrz/.dacecache/parallel/src/cpu/parallel.cpp:100:45: error: expression in new-declarator must have integral or enumeration type
  100 |     D = new dace::complex128 DACE_ALIGN(64)[(dace::math::pow(R, K))];
      |                                             ^
/home/ubuntu/npbgpu/npb-lrz/.dacecache/parallel/src/cpu/parallel.cpp:100:68: warning: ignoring attributes applied to class type â€˜dace::complex128â€™ {aka â€˜std::complex<double>â€™} outside of definition [-Wattributes]
  100 |     D = new dace::complex128 DACE_ALIGN(64)[(dace::math::pow(R, K))];
      |                                                                    ^
/home/ubuntu/npbgpu/npb-lrz/.dacecache/parallel/src/cpu/parallel.cpp:102:47: error: expression in new-declarator must have integral or enumeration type
  102 |     tmp = new dace::complex128 DACE_ALIGN(64)[(dace::math::pow(R, K))];
      |                                               ^
/home/ubuntu/npbgpu/npb-lrz/.dacecache/parallel/src/cpu/parallel.cpp:102:70: warning: ignoring attributes applied to class type â€˜dace::complex128â€™ {aka â€˜std::complex<double>â€™} outside of definition [-Wattributes]
  102 |     tmp = new dace::complex128 DACE_ALIGN(64)[(dace::math::pow(R, K))];
      |                                                                      ^
/home/ubuntu/npbgpu/npb-lrz/.dacecache/parallel/src/cpu/parallel.cpp:108:58: warning: â€˜newâ€™ of type â€˜unsigned intâ€™ with extended alignment 64 [-Waligned-new=]
  108 |         i_coord = new unsigned int DACE_ALIGN(64)[(R * R)];
      |                                                          ^
/home/ubuntu/npbgpu/npb-lrz/.dacecache/parallel/src/cpu/parallel.cpp:108:58: note: uses â€˜void* operator new [](std::size_t)â€™, which does not have an alignment parameter
/home/ubuntu/npbgpu/npb-lrz/.dacecache/parallel/src/cpu/parallel.cpp:108:58: note: use â€˜-faligned-newâ€™ to enable C++17 over-aligned new support
/home/ubuntu/npbgpu/npb-lrz/.dacecache/parallel/src/cpu/parallel.cpp:110:58: warning: â€˜newâ€™ of type â€˜unsigned intâ€™ with extended alignment 64 [-Waligned-new=]
  110 |         j_coord = new unsigned int DACE_ALIGN(64)[(R * R)];
      |                                                          ^
/home/ubuntu/npbgpu/npb-lrz/.dacecache/parallel/src/cpu/parallel.cpp:110:58: note: uses â€˜void* operator new [](std::size_t)â€™, which does not have an alignment parameter
/home/ubuntu/npbgpu/npb-lrz/.dacecache/parallel/src/cpu/parallel.cpp:110:58: note: use â€˜-faligned-newâ€™ to enable C++17 over-aligned new support
/home/ubuntu/npbgpu/npb-lrz/.dacecache/parallel/src/cpu/parallel.cpp:165:38: error: unable to find numeric literal operator â€˜operator""jâ€™
  165 |                         __out = ((-0-6.283185307179586j) * dace::complex128(__in2));
      |                                      ^~~~~~~~~~~~~~~~~~
/home/ubuntu/npbgpu/npb-lrz/.dacecache/parallel/src/cpu/parallel.cpp:165:38: note: use â€˜-fext-numeric-literalsâ€™ to enable more built-in suffixes
/home/ubuntu/npbgpu/npb-lrz/.dacecache/parallel/src/cpu/parallel.cpp:226:41: error: invalid types â€˜unsigned int*[double]â€™ for array subscript
  226 |                                 ii_coord[(dace::math::pow(R, K)*__i0 + __i1)] = __out;
      |                                         ^
/home/ubuntu/npbgpu/npb-lrz/.dacecache/parallel/src/cpu/parallel.cpp:247:41: error: invalid types â€˜unsigned int*[double]â€™ for array subscript
  247 |                                 jj_coord[(dace::math::pow(R, K)*__i0 + __i1)] = __out;
      |                                         ^
/home/ubuntu/npbgpu/npb-lrz/.dacecache/parallel/src/cpu/parallel.cpp:235:32: error: invalid controlling predicate
  235 |             for (auto j = 0; j < (dace::math::pow(R, K)); j += 1) {
      |                              ~~^~~~~~~~~~~~~~~~~~~~~~~~~
/home/ubuntu/npbgpu/npb-lrz/.dacecache/parallel/src/cpu/parallel.cpp:265:59: error: expression in new-declarator must have integral or enumeration type
  265 |             __tmp12 = new dace::complex128 DACE_ALIGN(64)[(R*dace::math::pow(R, i)*dace::math::pow(R, K - i - 1))];
      |                                                           ^
/home/ubuntu/npbgpu/npb-lrz/.dacecache/parallel/src/cpu/parallel.cpp:265:114: warning: ignoring attributes applied to class type â€˜dace::complex128â€™ {aka â€˜std::complex<double>â€™} outside of definition [-Wattributes]
  265 |             __tmp12 = new dace::complex128 DACE_ALIGN(64)[(R*dace::math::pow(R, i)*dace::math::pow(R, K - i - 1))];
      |                                                                                                                  ^
/home/ubuntu/npbgpu/npb-lrz/.dacecache/parallel/src/cpu/parallel.cpp:283:58: error: invalid types â€˜unsigned int*[double]â€™ for array subscript
  283 |                             unsigned int __in2 = ii_coord[(dace::math::pow(R, K)*__i0 + __i1)];
      |                                                          ^
/home/ubuntu/npbgpu/npb-lrz/.dacecache/parallel/src/cpu/parallel.cpp:288:42: error: unable to find numeric literal operator â€˜operator""jâ€™
  288 |                             __out = ((-0-6.283185307179586j) * dace::complex128(__in2));
      |                                          ^~~~~~~~~~~~~~~~~~
/home/ubuntu/npbgpu/npb-lrz/.dacecache/parallel/src/cpu/parallel.cpp:288:42: note: use â€˜-fext-numeric-literalsâ€™ to enable more built-in suffixes
/home/ubuntu/npbgpu/npb-lrz/.dacecache/parallel/src/cpu/parallel.cpp:296:58: error: invalid types â€˜unsigned int*[double]â€™ for array subscript
  296 |                             unsigned int __in2 = jj_coord[(dace::math::pow(R, K)*__i0 + __i1)];
      |                                                          ^
/home/ubuntu/npbgpu/npb-lrz/.dacecache/parallel/src/cpu/parallel.cpp:327:38: error: invalid types â€˜dace::complex128* {aka std::complex<double>*}[double]â€™ for array subscript
  327 |                             __tmp11_0[(dace::math::pow(R, i)*__i0 + __i1)] = __out;
      |                                      ^
/home/ubuntu/npbgpu/npb-lrz/.dacecache/parallel/src/cpu/parallel.cpp:353:60: error: expression in new-declarator must have integral or enumeration type
  353 |             tmp_twid = new dace::complex128 DACE_ALIGN(64)[(dace::math::pow(R, K))];
      |                                                            ^
/home/ubuntu/npbgpu/npb-lrz/.dacecache/parallel/src/cpu/parallel.cpp:353:83: warning: ignoring attributes applied to class type â€˜dace::complex128â€™ {aka â€˜std::complex<double>â€™} outside of definition [-Wattributes]
  353 |             tmp_twid = new dace::complex128 DACE_ALIGN(64)[(dace::math::pow(R, K))];
      |                                                                                   ^
/home/ubuntu/npbgpu/npb-lrz/.dacecache/parallel/src/cpu/parallel.cpp:357:59: error: expression in new-declarator must have integral or enumeration type
  357 |             __tmp18 = new dace::complex128 DACE_ALIGN(64)[(R*dace::math::pow(R, K - 1))];
      |                                                           ^
/home/ubuntu/npbgpu/npb-lrz/.dacecache/parallel/src/cpu/parallel.cpp:357:88: warning: ignoring attributes applied to class type â€˜dace::complex128â€™ {aka â€˜std::complex<double>â€™} outside of definition [-Wattributes]
  357 |             __tmp18 = new dace::complex128 DACE_ALIGN(64)[(R*dace::math::pow(R, K - 1))];
      |                                                                                        ^
/home/ubuntu/npbgpu/npb-lrz/.dacecache/parallel/src/cpu/parallel.cpp:363:42: error: invalid controlling predicate
  363 |                 for (auto __i0 = 0; __i0 < (dace::math::pow(R, K)); __i0 += 1) {
      |                                     ~~~~~^~~~~~~~~~~~~~~~~~~~~~~~~
gmake[2]: *** [CMakeFiles/parallel.dir/build.make:76: CMakeFiles/parallel.dir/home/ubuntu/npbgpu/npb-lrz/.dacecache/parallel/src/cpu/parallel.cpp.o] Error 1
gmake[1]: *** [CMakeFiles/Makefile2:85: CMakeFiles/parallel.dir/all] Error 2
gmake: *** [Makefile:91: all] Error 2

Traceback (most recent call last):
  File "/home/ubuntu/.local/lib/python3.10/site-packages/dace/codegen/compiler.py", line 232, in configure_and_compile
    _run_liveoutput("cmake --build . --config %s" % (Config.get('compiler', 'build_type')),
  File "/home/ubuntu/.local/lib/python3.10/site-packages/dace/codegen/compiler.py", line 416, in _run_liveoutput
    raise subprocess.CalledProcessError(process.returncode, command, output.getvalue())
subprocess.CalledProcessError: Command 'cmake --build . --config RelWithDebInfo' returned non-zero exit status 2.

During handling of the above exception, another exception occurred:

Traceback (most recent call last):
  File "/home/ubuntu/npbgpu/npb-lrz/npbench/infrastructure/dace_framework.py", line 274, in implementations
    dc_exec, compile_time = util.benchmark("__npb_result = sdfg.compile()",
  File "/home/ubuntu/npbgpu/npb-lrz/npbench/infrastructure/utilities.py", line 140, in benchmark
    output = timeit.repeat(stmt, setup=setup, repeat=repeat, number=1, globals=ldict)
  File "/usr/lib/python3.10/timeit.py", line 239, in repeat
    return Timer(stmt, setup, timer, globals).repeat(repeat, number)
  File "/usr/lib/python3.10/timeit.py", line 206, in repeat
    t = self.timeit(number)
  File "/usr/lib/python3.10/timeit.py", line 178, in timeit
    timing = self.inner(it, self.timer)
  File "<timeit-src>", line 6, in inner
  File "/home/ubuntu/.local/lib/python3.10/site-packages/dace/sdfg/sdfg.py", line 2253, in compile
    shared_library = compiler.configure_and_compile(program_folder, sdfg.name)
  File "/home/ubuntu/.local/lib/python3.10/site-packages/dace/codegen/compiler.py", line 241, in configure_and_compile
    raise cgx.CompilationError('Compiler failure:\n' + ex.output)
dace.codegen.exceptions.CompilationError: Compiler failure:
Consolidate compiler generated dependencies of target auto_opt
[ 25%] Building CXX object CMakeFiles/auto_opt.dir/home/ubuntu/npbgpu/npb-lrz/.dacecache/auto_opt/src/cpu/auto_opt.cpp.o
In file included from /home/ubuntu/.local/lib/python3.10/site-packages/dace/codegen/../runtime/include/dace/dace.h:14,
                 from /home/ubuntu/npbgpu/npb-lrz/.dacecache/auto_opt/src/cpu/auto_opt.cpp:2:
/home/ubuntu/.local/lib/python3.10/site-packages/dace/codegen/../runtime/include/dace/types.h: In constructor â€˜dace::half::half(float)â€™:
/home/ubuntu/.local/lib/python3.10/site-packages/dace/codegen/../runtime/include/dace/types.h:92:28: warning: dereferencing type-punned pointer will break strict-aliasing rules [-Wstrict-aliasing]
   92 |             uint32_t x = *((uint32_t*)&f);
      |                           ~^~~~~~~~~~~~~~
/home/ubuntu/npbgpu/npb-lrz/.dacecache/auto_opt/src/cpu/auto_opt.cpp: In function â€˜void _TensorTranspose_sdfg_0_0_16(auto_opt_state_t*, dace::complex128*, dace::complex128*, long long int, long long int, long long int)â€™:
/home/ubuntu/npbgpu/npb-lrz/.dacecache/auto_opt/src/cpu/auto_opt.cpp:27:64: error: invalid types â€˜dace::complex128* __restrict__ {aka std::complex<double>* __restrict__}[double]â€™ for array subscript
   27 |                             dace::complex128 _inp = _inp_tensor[(R*dace::math::pow(R, K - i - 1)*__i0 + dace::math::pow(R, K - i - 1)*__i1 + __i2)];
      |                                                                ^
/home/ubuntu/npbgpu/npb-lrz/.dacecache/auto_opt/src/cpu/auto_opt.cpp:35:40: error: invalid types â€˜dace::complex128* __restrict__ {aka std::complex<double>* __restrict__}[double]â€™ for array subscript
   35 |                             _out_tensor[(dace::math::pow(R, i)*dace::math::pow(R, K - i - 1)*__i1 + dace::math::pow(R, K - i - 1)*__i0 + __i2)] = _out;
      |                                        ^
/home/ubuntu/npbgpu/npb-lrz/.dacecache/auto_opt/src/cpu/auto_opt.cpp:23:38: error: invalid controlling predicate
   23 |             for (auto __i0 = 0; __i0 < (dace::math::pow(R, i)); __i0 += 1) {
      |                                 ~~~~~^~~~~~~~~~~~~~~~~~~~~~~~~
/home/ubuntu/npbgpu/npb-lrz/.dacecache/auto_opt/src/cpu/auto_opt.cpp: In function â€˜void _MatMult_gemm_sdfg_0_3_11(auto_opt_state_t*, dace::complex128*, dace::complex128*, dace::complex128*, long long int, long long int)â€™:
/home/ubuntu/npbgpu/npb-lrz/.dacecache/auto_opt/src/cpu/auto_opt.cpp:62:27: error: invalid types â€˜dace::complex128* __restrict__ {aka std::complex<double>* __restrict__}[double]â€™ for array subscript
   62 |                         _c[(dace::math::pow(R, K - 1)*_o0 + _o1)] = out;
      |                           ^
/home/ubuntu/npbgpu/npb-lrz/.dacecache/auto_opt/src/cpu/auto_opt.cpp:78:54: error: invalid types â€˜dace::complex128* __restrict__ {aka std::complex<double>* __restrict__}[double]â€™ for array subscript
   78 |                             dace::complex128 __b = _b[(dace::math::pow(R, K - 1)*__i2 + __i1)];
      |                                                      ^
/home/ubuntu/npbgpu/npb-lrz/.dacecache/auto_opt/src/cpu/auto_opt.cpp:86:107: error: invalid operands of types â€˜dace::complex128* __restrict__â€™ {aka â€˜std::complex<double>* __restrict__â€™} and â€˜doubleâ€™ to binary â€˜operator+â€™
   86 |                             dace::wcr_fixed<dace::ReductionType::Sum, dace::complex128>::reduce_atomic(_c + (dace::math::pow(R, K - 1)*__i0 + __i1), __out);
      |                                                                                                        ~~ ^ ~~~~~~~~~~~~~~~~~~~~~~~~~~~~~~~~~~~~~~~
      |                                                                                                        |                                    |
      |                                                                                                        |                                    double
      |                                                                                                        dace::complex128* __restrict__ {aka std::complex<double>* __restrict__}
/home/ubuntu/npbgpu/npb-lrz/.dacecache/auto_opt/src/cpu/auto_opt.cpp: In function â€˜void __program_auto_opt_internal(auto_opt_state_t*, dace::complex128*, dace::complex128*, long long int, long long int)â€™:
/home/ubuntu/npbgpu/npb-lrz/.dacecache/auto_opt/src/cpu/auto_opt.cpp:146:38: error: unable to find numeric literal operator â€˜operator""jâ€™
  146 |                         __out = ((-0-6.283185307179586j) * dace::complex128(__in2));
      |                                      ^~~~~~~~~~~~~~~~~~
/home/ubuntu/npbgpu/npb-lrz/.dacecache/auto_opt/src/cpu/auto_opt.cpp:146:38: note: use â€˜-fext-numeric-literalsâ€™ to enable more built-in suffixes
/home/ubuntu/npbgpu/npb-lrz/.dacecache/auto_opt/src/cpu/auto_opt.cpp:202:46: error: invalid types â€˜unsigned int* __restrict__[double]â€™ for array subscript
  202 |                         __state->__0_ii_coord[(dace::math::pow(R, K)*i_0 + __i1)] = __out;
      |                                              ^
/home/ubuntu/npbgpu/npb-lrz/.dacecache/auto_opt/src/cpu/auto_opt.cpp:219:46: error: invalid types â€˜unsigned int* __restrict__[double]â€™ for array subscript
  219 |                         __state->__0_jj_coord[(dace::math::pow(R, K)*__i0 + j)] = __out;
      |                                              ^
/home/ubuntu/npbgpu/npb-lrz/.dacecache/auto_opt/src/cpu/auto_opt.cpp:209:32: error: invalid controlling predicate
  209 |             for (auto j = 0; j < (dace::math::pow(R, K)); j += 1) {
      |                              ~~^~~~~~~~~~~~~~~~~~~~~~~~~
/home/ubuntu/npbgpu/npb-lrz/.dacecache/auto_opt/src/cpu/auto_opt.cpp:233:59: error: expression in new-declarator must have integral or enumeration type
  233 |             __tmp12 = new dace::complex128 DACE_ALIGN(64)[(R*dace::math::pow(R, i)*dace::math::pow(R, K - i - 1))];
      |                                                           ^
/home/ubuntu/npbgpu/npb-lrz/.dacecache/auto_opt/src/cpu/auto_opt.cpp:233:114: warning: ignoring attributes applied to class type â€˜dace::complex128â€™ {aka â€˜std::complex<double>â€™} outside of definition [-Wattributes]
  233 |             __tmp12 = new dace::complex128 DACE_ALIGN(64)[(R*dace::math::pow(R, i)*dace::math::pow(R, K - i - 1))];
      |                                                                                                                  ^
/home/ubuntu/npbgpu/npb-lrz/.dacecache/auto_opt/src/cpu/auto_opt.cpp:251:71: error: invalid types â€˜unsigned int* __restrict__[double]â€™ for array subscript
  251 |                             unsigned int __in2 = __state->__0_ii_coord[(dace::math::pow(R, K)*__i0 + __i1)];
      |                                                                       ^
/home/ubuntu/npbgpu/npb-lrz/.dacecache/auto_opt/src/cpu/auto_opt.cpp:256:42: error: unable to find numeric literal operator â€˜operator""jâ€™
  256 |                             __out = ((-0-6.283185307179586j) * dace::complex128(__in2));
      |                                          ^~~~~~~~~~~~~~~~~~
/home/ubuntu/npbgpu/npb-lrz/.dacecache/auto_opt/src/cpu/auto_opt.cpp:256:42: note: use â€˜-fext-numeric-literalsâ€™ to enable more built-in suffixes
/home/ubuntu/npbgpu/npb-lrz/.dacecache/auto_opt/src/cpu/auto_opt.cpp:264:71: error: invalid types â€˜unsigned int* __restrict__[double]â€™ for array subscript
  264 |                             unsigned int __in2 = __state->__0_jj_coord[(dace::math::pow(R, K)*__i0 + __i1)];
      |                                                                       ^
/home/ubuntu/npbgpu/npb-lrz/.dacecache/auto_opt/src/cpu/auto_opt.cpp:295:38: error: invalid types â€˜dace::complex128* {aka std::complex<double>*}[double]â€™ for array subscript
  295 |                             __tmp11_0[(dace::math::pow(R, i)*__i0 + __i1)] = __out;
      |                                      ^
/home/ubuntu/npbgpu/npb-lrz/.dacecache/auto_opt/src/cpu/auto_opt.cpp:327:42: error: invalid controlling predicate
  327 |                 for (auto __i0 = 0; __i0 < (dace::math::pow(R, K)); __i0 += 1) {
      |                                     ~~~~~^~~~~~~~~~~~~~~~~~~~~~~~~
/home/ubuntu/npbgpu/npb-lrz/.dacecache/auto_opt/src/cpu/auto_opt.cpp: In function â€˜auto_opt_state_t* __dace_init_auto_opt(long long int, long long int)â€™:
/home/ubuntu/npbgpu/npb-lrz/.dacecache/auto_opt/src/cpu/auto_opt.cpp:364:64: error: expression in new-declarator must have integral or enumeration type
  364 |     __state->__0___tmp18 = new dace::complex128 DACE_ALIGN(64)[(R*dace::math::pow(R, K - 1))];
      |                                                                ^
/home/ubuntu/npbgpu/npb-lrz/.dacecache/auto_opt/src/cpu/auto_opt.cpp:364:93: warning: ignoring attributes applied to class type â€˜dace::complex128â€™ {aka â€˜std::complex<double>â€™} outside of definition [-Wattributes]
  364 |     __state->__0___tmp18 = new dace::complex128 DACE_ALIGN(64)[(R*dace::math::pow(R, K - 1))];
      |                                                                                             ^
/home/ubuntu/npbgpu/npb-lrz/.dacecache/auto_opt/src/cpu/auto_opt.cpp:365:67: warning: â€˜newâ€™ of type â€˜unsigned intâ€™ with extended alignment 64 [-Waligned-new=]
  365 |     __state->__0_j_coord = new unsigned int DACE_ALIGN(64)[(R * R)];
      |                                                                   ^
/home/ubuntu/npbgpu/npb-lrz/.dacecache/auto_opt/src/cpu/auto_opt.cpp:365:67: note: uses â€˜void* operator new [](std::size_t)â€™, which does not have an alignment parameter
/home/ubuntu/npbgpu/npb-lrz/.dacecache/auto_opt/src/cpu/auto_opt.cpp:365:67: note: use â€˜-faligned-newâ€™ to enable C++17 over-aligned new support
/home/ubuntu/npbgpu/npb-lrz/.dacecache/auto_opt/src/cpu/auto_opt.cpp:366:71: warning: ignoring attributes applied to class type â€˜dace::complex128â€™ {aka â€˜std::complex<double>â€™} outside of definition [-Wattributes]
  366 |     __state->__0_dft_mat = new dace::complex128 DACE_ALIGN(64)[(R * R)];
      |                                                                       ^
/home/ubuntu/npbgpu/npb-lrz/.dacecache/auto_opt/src/cpu/auto_opt.cpp:367:61: error: expression in new-declarator must have integral or enumeration type
  367 |     __state->__0_ii_coord = new unsigned int DACE_ALIGN(64)[(R*dace::math::pow(R, K))];
      |                                                             ^
/home/ubuntu/npbgpu/npb-lrz/.dacecache/auto_opt/src/cpu/auto_opt.cpp:367:86: warning: â€˜newâ€™ of type â€˜unsigned intâ€™ with extended alignment 64 [-Waligned-new=]
  367 |     __state->__0_ii_coord = new unsigned int DACE_ALIGN(64)[(R*dace::math::pow(R, K))];
      |                                                                                      ^
/home/ubuntu/npbgpu/npb-lrz/.dacecache/auto_opt/src/cpu/auto_opt.cpp:367:86: note: uses â€˜void* operator new [](std::size_t)â€™, which does not have an alignment parameter
/home/ubuntu/npbgpu/npb-lrz/.dacecache/auto_opt/src/cpu/auto_opt.cpp:367:86: note: use â€˜-faligned-newâ€™ to enable C++17 over-aligned new support
/home/ubuntu/npbgpu/npb-lrz/.dacecache/auto_opt/src/cpu/auto_opt.cpp:368:61: error: expression in new-declarator must have integral or enumeration type
  368 |     __state->__0_jj_coord = new unsigned int DACE_ALIGN(64)[(R*dace::math::pow(R, K))];
      |                                                             ^
/home/ubuntu/npbgpu/npb-lrz/.dacecache/auto_opt/src/cpu/auto_opt.cpp:368:86: warning: â€˜newâ€™ of type â€˜unsigned intâ€™ with extended alignment 64 [-Waligned-new=]
  368 |     __state->__0_jj_coord = new unsigned int DACE_ALIGN(64)[(R*dace::math::pow(R, K))];
      |                                                                                      ^
/home/ubuntu/npbgpu/npb-lrz/.dacecache/auto_opt/src/cpu/auto_opt.cpp:368:86: note: uses â€˜void* operator new [](std::size_t)â€™, which does not have an alignment parameter
/home/ubuntu/npbgpu/npb-lrz/.dacecache/auto_opt/src/cpu/auto_opt.cpp:368:86: note: use â€˜-faligned-newâ€™ to enable C++17 over-aligned new support
/home/ubuntu/npbgpu/npb-lrz/.dacecache/auto_opt/src/cpu/auto_opt.cpp:369:65: error: expression in new-declarator must have integral or enumeration type
  369 |     __state->__0_tmp_perm = new dace::complex128 DACE_ALIGN(64)[(dace::math::pow(R, K))];
      |                                                                 ^
/home/ubuntu/npbgpu/npb-lrz/.dacecache/auto_opt/src/cpu/auto_opt.cpp:369:88: warning: ignoring attributes applied to class type â€˜dace::complex128â€™ {aka â€˜std::complex<double>â€™} outside of definition [-Wattributes]
  369 |     __state->__0_tmp_perm = new dace::complex128 DACE_ALIGN(64)[(dace::math::pow(R, K))];
      |                                                                                        ^
/home/ubuntu/npbgpu/npb-lrz/.dacecache/auto_opt/src/cpu/auto_opt.cpp:370:58: error: expression in new-declarator must have integral or enumeration type
  370 |     __state->__0_D = new dace::complex128 DACE_ALIGN(64)[(dace::math::pow(R, K))];
      |                                                          ^
/home/ubuntu/npbgpu/npb-lrz/.dacecache/auto_opt/src/cpu/auto_opt.cpp:370:81: warning: ignoring attributes applied to class type â€˜dace::complex128â€™ {aka â€˜std::complex<double>â€™} outside of definition [-Wattributes]
  370 |     __state->__0_D = new dace::complex128 DACE_ALIGN(64)[(dace::math::pow(R, K))];
      |                                                                                 ^
/home/ubuntu/npbgpu/npb-lrz/.dacecache/auto_opt/src/cpu/auto_opt.cpp:371:60: error: expression in new-declarator must have integral or enumeration type
  371 |     __state->__0_tmp = new dace::complex128 DACE_ALIGN(64)[(dace::math::pow(R, K))];
      |                                                            ^
/home/ubuntu/npbgpu/npb-lrz/.dacecache/auto_opt/src/cpu/auto_opt.cpp:371:83: warning: ignoring attributes applied to class type â€˜dace::complex128â€™ {aka â€˜std::complex<double>â€™} outside of definition [-Wattributes]
  371 |     __state->__0_tmp = new dace::complex128 DACE_ALIGN(64)[(dace::math::pow(R, K))];
      |                                                                                   ^
/home/ubuntu/npbgpu/npb-lrz/.dacecache/auto_opt/src/cpu/auto_opt.cpp:372:65: error: expression in new-declarator must have integral or enumeration type
  372 |     __state->__0_tmp_twid = new dace::complex128 DACE_ALIGN(64)[(dace::math::pow(R, K))];
      |                                                                 ^
/home/ubuntu/npbgpu/npb-lrz/.dacecache/auto_opt/src/cpu/auto_opt.cpp:372:88: warning: ignoring attributes applied to class type â€˜dace::complex128â€™ {aka â€˜std::complex<double>â€™} outside of definition [-Wattributes]
  372 |     __state->__0_tmp_twid = new dace::complex128 DACE_ALIGN(64)[(dace::math::pow(R, K))];
      |                                                                                        ^
gmake[2]: *** [CMakeFiles/auto_opt.dir/build.make:76: CMakeFiles/auto_opt.dir/home/ubuntu/npbgpu/npb-lrz/.dacecache/auto_opt/src/cpu/auto_opt.cpp.o] Error 1
gmake[1]: *** [CMakeFiles/Makefile2:85: CMakeFiles/auto_opt.dir/all] Error 2
gmake: *** [Makefile:91: all] Error 2

/home/ubuntu/.local/lib/python3.10/site-packages/numba/core/typed_passes.py:336: NumbaPerformanceWarning: [1m
The keyword argument 'parallel=True' was specified but no transformation for parallel execution was possible.

To find out why, try turning on parallel diagnostics, see https://numba.readthedocs.io/en/stable/user/parallel.html#diagnostics for help.
[1m
File "npbench/benchmarks/polybench/trisolv/trisolv_numba_np.py", line 6:[0m
[1m@nb.jit(nopython=True, parallel=True, fastmath=True)
[1mdef kernel(L, x, b):
[0m[1m^[0m[0m
[0m
  warnings.warn(errors.NumbaPerformanceWarning(msg,
/home/ubuntu/npbgpu/npb-lrz/npbench/benchmarks/polybench/lu/lu_numba_n.py:10: NumbaPerformanceWarning: [1m[1m'@' is faster on contiguous arrays, called on (Array(float64, 1, 'C', False, aligned=True), Array(float64, 1, 'A', False, aligned=True))[0m[0m
  A[i, j] -= A[i, :j] @ A[:j, j]
first_execution took too long
first_execution took too long
first_execution took too long
first_execution took too long
